------------------------------------------------------------
Timing Analyzer Summary
------------------------------------------------------------

Type  : Slow 1200mV 85C Model Setup 'pll_x1|altpll_component|auto_generated|pll1|clk[0]'
Slack : -0.277
TNS   : -1.761

Type  : Slow 1200mV 85C Model Setup 'pll_x1|altpll_component|auto_generated|pll1|clk[1]'
Slack : 0.822
TNS   : 0.000

Type  : Slow 1200mV 85C Model Setup 'FPD_Link|lvds|lvds_tx|auto_generated|lvds_tx_pll|clk[0]'
Slack : 1.085
TNS   : 0.000

Type  : Slow 1200mV 85C Model Setup 'FPD_Link|lvds|lvds_tx|auto_generated|lvds_tx_pll|clk[1]'
Slack : 10.565
TNS   : 0.000

Type  : Slow 1200mV 85C Model Setup 'pll_3x5|altpll_component|auto_generated|pll1|clk[0]'
Slack : 17.122
TNS   : 0.000

Type  : Slow 1200mV 85C Model Hold 'pll_x1|altpll_component|auto_generated|pll1|clk[0]'
Slack : 0.410
TNS   : 0.000

Type  : Slow 1200mV 85C Model Hold 'pll_x1|altpll_component|auto_generated|pll1|clk[1]'
Slack : 0.434
TNS   : 0.000

Type  : Slow 1200mV 85C Model Hold 'FPD_Link|lvds|lvds_tx|auto_generated|lvds_tx_pll|clk[1]'
Slack : 0.449
TNS   : 0.000

Type  : Slow 1200mV 85C Model Hold 'FPD_Link|lvds|lvds_tx|auto_generated|lvds_tx_pll|clk[0]'
Slack : 0.466
TNS   : 0.000

Type  : Slow 1200mV 85C Model Hold 'pll_3x5|altpll_component|auto_generated|pll1|clk[0]'
Slack : 0.467
TNS   : 0.000

Type  : Slow 1200mV 85C Model Recovery 'FPD_Link|lvds|lvds_tx|auto_generated|lvds_tx_pll|clk[0]'
Slack : -9.700
TNS   : -700.600

Type  : Slow 1200mV 85C Model Recovery 'FPD_Link|lvds|lvds_tx|auto_generated|lvds_tx_pll|clk[1]'
Slack : -0.123
TNS   : -8.424

Type  : Slow 1200mV 85C Model Recovery 'pll_x1|altpll_component|auto_generated|pll1|clk[0]'
Slack : 2.942
TNS   : 0.000

Type  : Slow 1200mV 85C Model Recovery 'pll_3x5|altpll_component|auto_generated|pll1|clk[0]'
Slack : 4.447
TNS   : 0.000

Type  : Slow 1200mV 85C Model Removal 'pll_x1|altpll_component|auto_generated|pll1|clk[0]'
Slack : 1.573
TNS   : 0.000

Type  : Slow 1200mV 85C Model Removal 'pll_3x5|altpll_component|auto_generated|pll1|clk[0]'
Slack : 2.618
TNS   : 0.000

Type  : Slow 1200mV 85C Model Removal 'FPD_Link|lvds|lvds_tx|auto_generated|lvds_tx_pll|clk[1]'
Slack : 6.550
TNS   : 0.000

Type  : Slow 1200mV 85C Model Removal 'FPD_Link|lvds|lvds_tx|auto_generated|lvds_tx_pll|clk[0]'
Slack : 7.001
TNS   : 0.000

Type  : Slow 1200mV 85C Model Minimum Pulse Width 'FPD_Link|lvds|lvds_tx|auto_generated|lvds_tx_pll|clk[0]'
Slack : 2.545
TNS   : 0.000

Type  : Slow 1200mV 85C Model Minimum Pulse Width 'pll_x1|altpll_component|auto_generated|pll1|clk[0]'
Slack : 4.561
TNS   : 0.000

Type  : Slow 1200mV 85C Model Minimum Pulse Width 'pll_x1|altpll_component|auto_generated|pll1|clk[1]'
Slack : 4.663
TNS   : 0.000

Type  : Slow 1200mV 85C Model Minimum Pulse Width 'pll_3x5|altpll_component|auto_generated|pll1|clk[0]'
Slack : 9.693
TNS   : 0.000

Type  : Slow 1200mV 85C Model Minimum Pulse Width 'clk50_pad'
Slack : 9.930
TNS   : 0.000

Type  : Slow 1200mV 85C Model Minimum Pulse Width 'FPD_Link|lvds|lvds_tx|auto_generated|lvds_tx_pll|clk[1]'
Slack : 19.668
TNS   : 0.000

Type  : Slow 1200mV 0C Model Setup 'pll_x1|altpll_component|auto_generated|pll1|clk[0]'
Slack : 0.430
TNS   : 0.000

Type  : Slow 1200mV 0C Model Setup 'pll_x1|altpll_component|auto_generated|pll1|clk[1]'
Slack : 1.315
TNS   : 0.000

Type  : Slow 1200mV 0C Model Setup 'FPD_Link|lvds|lvds_tx|auto_generated|lvds_tx_pll|clk[0]'
Slack : 1.456
TNS   : 0.000

Type  : Slow 1200mV 0C Model Setup 'FPD_Link|lvds|lvds_tx|auto_generated|lvds_tx_pll|clk[1]'
Slack : 11.229
TNS   : 0.000

Type  : Slow 1200mV 0C Model Setup 'pll_3x5|altpll_component|auto_generated|pll1|clk[0]'
Slack : 17.415
TNS   : 0.000

Type  : Slow 1200mV 0C Model Hold 'pll_x1|altpll_component|auto_generated|pll1|clk[0]'
Slack : 0.382
TNS   : 0.000

Type  : Slow 1200mV 0C Model Hold 'pll_x1|altpll_component|auto_generated|pll1|clk[1]'
Slack : 0.384
TNS   : 0.000

Type  : Slow 1200mV 0C Model Hold 'FPD_Link|lvds|lvds_tx|auto_generated|lvds_tx_pll|clk[1]'
Slack : 0.401
TNS   : 0.000

Type  : Slow 1200mV 0C Model Hold 'FPD_Link|lvds|lvds_tx|auto_generated|lvds_tx_pll|clk[0]'
Slack : 0.418
TNS   : 0.000

Type  : Slow 1200mV 0C Model Hold 'pll_3x5|altpll_component|auto_generated|pll1|clk[0]'
Slack : 0.418
TNS   : 0.000

Type  : Slow 1200mV 0C Model Recovery 'FPD_Link|lvds|lvds_tx|auto_generated|lvds_tx_pll|clk[0]'
Slack : -9.009
TNS   : -650.965

Type  : Slow 1200mV 0C Model Recovery 'FPD_Link|lvds|lvds_tx|auto_generated|lvds_tx_pll|clk[1]'
Slack : 0.480
TNS   : 0.000

Type  : Slow 1200mV 0C Model Recovery 'pll_x1|altpll_component|auto_generated|pll1|clk[0]'
Slack : 3.397
TNS   : 0.000

Type  : Slow 1200mV 0C Model Recovery 'pll_3x5|altpll_component|auto_generated|pll1|clk[0]'
Slack : 4.732
TNS   : 0.000

Type  : Slow 1200mV 0C Model Removal 'pll_x1|altpll_component|auto_generated|pll1|clk[0]'
Slack : 1.405
TNS   : 0.000

Type  : Slow 1200mV 0C Model Removal 'pll_3x5|altpll_component|auto_generated|pll1|clk[0]'
Slack : 2.353
TNS   : 0.000

Type  : Slow 1200mV 0C Model Removal 'FPD_Link|lvds|lvds_tx|auto_generated|lvds_tx_pll|clk[1]'
Slack : 5.991
TNS   : 0.000

Type  : Slow 1200mV 0C Model Removal 'FPD_Link|lvds|lvds_tx|auto_generated|lvds_tx_pll|clk[0]'
Slack : 6.417
TNS   : 0.000

Type  : Slow 1200mV 0C Model Minimum Pulse Width 'FPD_Link|lvds|lvds_tx|auto_generated|lvds_tx_pll|clk[0]'
Slack : 2.549
TNS   : 0.000

Type  : Slow 1200mV 0C Model Minimum Pulse Width 'pll_x1|altpll_component|auto_generated|pll1|clk[0]'
Slack : 4.592
TNS   : 0.000

Type  : Slow 1200mV 0C Model Minimum Pulse Width 'pll_x1|altpll_component|auto_generated|pll1|clk[1]'
Slack : 4.643
TNS   : 0.000

Type  : Slow 1200mV 0C Model Minimum Pulse Width 'pll_3x5|altpll_component|auto_generated|pll1|clk[0]'
Slack : 9.697
TNS   : 0.000

Type  : Slow 1200mV 0C Model Minimum Pulse Width 'clk50_pad'
Slack : 9.946
TNS   : 0.000

Type  : Slow 1200mV 0C Model Minimum Pulse Width 'FPD_Link|lvds|lvds_tx|auto_generated|lvds_tx_pll|clk[1]'
Slack : 19.647
TNS   : 0.000

Type  : Fast 1200mV 0C Model Setup 'FPD_Link|lvds|lvds_tx|auto_generated|lvds_tx_pll|clk[0]'
Slack : 3.669
TNS   : 0.000

Type  : Fast 1200mV 0C Model Setup 'pll_x1|altpll_component|auto_generated|pll1|clk[0]'
Slack : 5.645
TNS   : 0.000

Type  : Fast 1200mV 0C Model Setup 'pll_x1|altpll_component|auto_generated|pll1|clk[1]'
Slack : 5.997
TNS   : 0.000

Type  : Fast 1200mV 0C Model Setup 'FPD_Link|lvds|lvds_tx|auto_generated|lvds_tx_pll|clk[1]'
Slack : 15.198
TNS   : 0.000

Type  : Fast 1200mV 0C Model Setup 'pll_3x5|altpll_component|auto_generated|pll1|clk[0]'
Slack : 18.707
TNS   : 0.000

Type  : Fast 1200mV 0C Model Hold 'pll_x1|altpll_component|auto_generated|pll1|clk[0]'
Slack : 0.138
TNS   : 0.000

Type  : Fast 1200mV 0C Model Hold 'pll_x1|altpll_component|auto_generated|pll1|clk[1]'
Slack : 0.178
TNS   : 0.000

Type  : Fast 1200mV 0C Model Hold 'FPD_Link|lvds|lvds_tx|auto_generated|lvds_tx_pll|clk[1]'
Slack : 0.186
TNS   : 0.000

Type  : Fast 1200mV 0C Model Hold 'pll_3x5|altpll_component|auto_generated|pll1|clk[0]'
Slack : 0.190
TNS   : 0.000

Type  : Fast 1200mV 0C Model Hold 'FPD_Link|lvds|lvds_tx|auto_generated|lvds_tx_pll|clk[0]'
Slack : 0.192
TNS   : 0.000

Type  : Fast 1200mV 0C Model Recovery 'FPD_Link|lvds|lvds_tx|auto_generated|lvds_tx_pll|clk[0]'
Slack : -4.451
TNS   : -323.362

Type  : Fast 1200mV 0C Model Recovery 'FPD_Link|lvds|lvds_tx|auto_generated|lvds_tx_pll|clk[1]'
Slack : 4.577
TNS   : 0.000

Type  : Fast 1200mV 0C Model Recovery 'pll_x1|altpll_component|auto_generated|pll1|clk[0]'
Slack : 6.803
TNS   : 0.000

Type  : Fast 1200mV 0C Model Recovery 'pll_3x5|altpll_component|auto_generated|pll1|clk[0]'
Slack : 7.405
TNS   : 0.000

Type  : Fast 1200mV 0C Model Removal 'pll_x1|altpll_component|auto_generated|pll1|clk[0]'
Slack : 0.656
TNS   : 0.000

Type  : Fast 1200mV 0C Model Removal 'pll_3x5|altpll_component|auto_generated|pll1|clk[0]'
Slack : 0.920
TNS   : 0.000

Type  : Fast 1200mV 0C Model Removal 'FPD_Link|lvds|lvds_tx|auto_generated|lvds_tx_pll|clk[1]'
Slack : 3.549
TNS   : 0.000

Type  : Fast 1200mV 0C Model Removal 'FPD_Link|lvds|lvds_tx|auto_generated|lvds_tx_pll|clk[0]'
Slack : 3.736
TNS   : 0.000

Type  : Fast 1200mV 0C Model Minimum Pulse Width 'FPD_Link|lvds|lvds_tx|auto_generated|lvds_tx_pll|clk[0]'
Slack : 2.638
TNS   : 0.000

Type  : Fast 1200mV 0C Model Minimum Pulse Width 'pll_x1|altpll_component|auto_generated|pll1|clk[0]'
Slack : 4.749
TNS   : 0.000

Type  : Fast 1200mV 0C Model Minimum Pulse Width 'pll_x1|altpll_component|auto_generated|pll1|clk[1]'
Slack : 4.752
TNS   : 0.000

Type  : Fast 1200mV 0C Model Minimum Pulse Width 'clk50_pad'
Slack : 9.616
TNS   : 0.000

Type  : Fast 1200mV 0C Model Minimum Pulse Width 'pll_3x5|altpll_component|auto_generated|pll1|clk[0]'
Slack : 9.754
TNS   : 0.000

Type  : Fast 1200mV 0C Model Minimum Pulse Width 'FPD_Link|lvds|lvds_tx|auto_generated|lvds_tx_pll|clk[1]'
Slack : 19.773
TNS   : 0.000

------------------------------------------------------------
