
Discarded input sections

 .data          0x0000000000000000        0x0 src/crt0.o
 .bss           0x0000000000000000        0x0 src/crt0.o
 .group         0x0000000000000000        0xc src/vsnprintf-nofloat.o
 .group         0x0000000000000000        0xc src/vsnprintf-nofloat.o
 .group         0x0000000000000000        0xc src/vsnprintf-nofloat.o
 .data          0x0000000000000000        0x0 src/vsnprintf-nofloat.o
 .bss           0x0000000000000000        0x0 src/vsnprintf-nofloat.o
 .group         0x0000000000000000        0xc src/main.o
 .group         0x0000000000000000        0xc src/main.o
 .group         0x0000000000000000        0xc src/main.o
 .group         0x0000000000000000        0xc src/main.o
 .group         0x0000000000000000        0xc src/main.o
 .group         0x0000000000000000        0xc src/main.o
 .group         0x0000000000000000        0xc src/main.o
 .group         0x0000000000000000        0xc src/main.o
 .group         0x0000000000000000        0xc src/main.o
 .group         0x0000000000000000        0xc src/main.o
 .group         0x0000000000000000        0xc src/main.o
 .group         0x0000000000000000        0xc src/main.o
 .text          0x0000000000000000        0x0 src/main.o
 .data          0x0000000000000000        0x0 src/main.o
 .bss           0x0000000000000000        0x0 src/main.o
 .debug_macro   0x0000000000000000      0x69a src/main.o
 .debug_macro   0x0000000000000000       0x4c src/main.o
 .group         0x0000000000000000        0xc src/uart.o
 .group         0x0000000000000000        0xc src/uart.o
 .group         0x0000000000000000        0xc src/uart.o
 .group         0x0000000000000000        0xc src/uart.o
 .group         0x0000000000000000        0xc src/uart.o
 .group         0x0000000000000000        0xc src/uart.o
 .group         0x0000000000000000        0xc src/uart.o
 .group         0x0000000000000000        0xc src/uart.o
 .group         0x0000000000000000        0xc src/uart.o
 .data          0x0000000000000000        0x0 src/uart.o
 .debug_macro   0x0000000000000000      0x69a src/uart.o
 .debug_macro   0x0000000000000000       0x22 src/uart.o
 .debug_macro   0x0000000000000000       0x56 src/uart.o
 .debug_macro   0x0000000000000000       0x51 src/uart.o
 .debug_macro   0x0000000000000000       0xef src/uart.o
 .debug_macro   0x0000000000000000       0x6a src/uart.o
 .debug_macro   0x0000000000000000      0x1df src/uart.o
 .group         0x0000000000000000        0xc src/console.o
 .group         0x0000000000000000        0xc src/console.o
 .group         0x0000000000000000        0xc src/console.o
 .group         0x0000000000000000        0xc src/console.o
 .data          0x0000000000000000        0x0 src/console.o
 .debug_macro   0x0000000000000000      0x69a src/console.o
 .debug_macro   0x0000000000000000       0x4c src/console.o
 .debug_macro   0x0000000000000000       0x22 src/console.o
 .debug_macro   0x0000000000000000       0x22 src/console.o
 .group         0x0000000000000000        0xc src/isr.o
 .group         0x0000000000000000        0xc src/isr.o
 .data          0x0000000000000000        0x0 src/isr.o
 .bss           0x0000000000000000        0x0 src/isr.o
 .debug_macro   0x0000000000000000      0x69a src/isr.o
 .debug_macro   0x0000000000000000       0x22 src/isr.o
 .group         0x0000000000000000        0xc src/libc.o
 .group         0x0000000000000000        0xc src/libc.o
 .group         0x0000000000000000        0xc src/libc.o
 .group         0x0000000000000000        0xc src/libc.o
 .data          0x0000000000000000        0x0 src/libc.o
 .debug_macro   0x0000000000000000      0x69a src/libc.o
 .debug_macro   0x0000000000000000       0x4c src/libc.o
 .debug_macro   0x0000000000000000       0x22 src/libc.o
 .group         0x0000000000000000        0xc src/flash.o
 .group         0x0000000000000000        0xc src/flash.o
 .group         0x0000000000000000        0xc src/flash.o
 .group         0x0000000000000000        0xc src/flash.o
 .group         0x0000000000000000        0xc src/flash.o
 .group         0x0000000000000000        0xc src/flash.o
 .group         0x0000000000000000        0xc src/flash.o
 .group         0x0000000000000000        0xc src/flash.o
 .group         0x0000000000000000        0xc src/flash.o
 .group         0x0000000000000000        0xc src/flash.o
 .group         0x0000000000000000        0xc src/flash.o
 .text          0x0000000000000000      0x294 src/flash.o
 .data          0x0000000000000000        0x0 src/flash.o
 .bss           0x0000000000000000        0x0 src/flash.o
 .rodata.str1.4
                0x0000000000000000       0x4c src/flash.o
 .rodata.cst4   0x0000000000000000        0xc src/flash.o
 .debug_frame   0x0000000000000000       0x70 src/flash.o
 .debug_info    0x0000000000000000      0x3d4 src/flash.o
 .debug_abbrev  0x0000000000000000      0x1e7 src/flash.o
 .debug_loc     0x0000000000000000      0x35c src/flash.o
 .debug_aranges
                0x0000000000000000       0x20 src/flash.o
 .debug_ranges  0x0000000000000000       0xd0 src/flash.o
 .debug_macro   0x0000000000000000       0xc5 src/flash.o
 .debug_macro   0x0000000000000000      0x69a src/flash.o
 .debug_macro   0x0000000000000000       0x22 src/flash.o
 .debug_macro   0x0000000000000000       0x56 src/flash.o
 .debug_macro   0x0000000000000000       0x51 src/flash.o
 .debug_macro   0x0000000000000000       0xef src/flash.o
 .debug_macro   0x0000000000000000       0x6a src/flash.o
 .debug_macro   0x0000000000000000      0x1df src/flash.o
 .debug_macro   0x0000000000000000       0x4c src/flash.o
 .debug_macro   0x0000000000000000       0x10 src/flash.o
 .debug_macro   0x0000000000000000       0x46 src/flash.o
 .debug_macro   0x0000000000000000       0x82 src/flash.o
 .debug_line    0x0000000000000000      0x728 src/flash.o
 .debug_str     0x0000000000000000     0x3370 src/flash.o
 .comment       0x0000000000000000       0x12 src/flash.o

Memory Configuration

Name             Origin             Length             Attributes
flash            0x0000000000000000 0x0000000000020000
sdram            0x0000000020500000 0x0000000000200000
*default*        0x0000000000000000 0xffffffffffffffff

Linker script and memory map

LOAD src/crt0.o
LOAD src/vsnprintf-nofloat.o
LOAD src/main.o
LOAD src/uart.o
LOAD src/console.o
LOAD src/isr.o
LOAD src/libc.o
LOAD src/flash.o
START GROUP
END GROUP
                0x0000000000000000                __DYNAMIC = 0x0

.text           0x0000000000000000     0x1f18
                0x0000000000000000                _ftext = .
 *(.text .stub .text.* .gnu.linkonce.t.*)
 .text          0x0000000000000000      0x19c src/crt0.o
                0x0000000000000000                _start
 .text          0x000000000000019c      0x7dc src/vsnprintf-nofloat.o
                0x000000000000019c                vsnprintf
 .text.startup  0x0000000000000978       0x80 src/main.o
                0x0000000000000978                main
 .text          0x00000000000009f8      0x2ac src/uart.o
                0x00000000000009f8                uart_isr
                0x0000000000000ad4                uart_read
                0x0000000000000b24                uart_read_nonblock
                0x0000000000000b4c                uart_write
                0x0000000000000bf8                uart_init
                0x0000000000000c78                uart_force_sync
 .text          0x0000000000000ca4      0x30c src/console.o
                0x0000000000000ca4                console_set_write_hook
                0x0000000000000cb8                console_set_read_hook
                0x0000000000000cdc                readchar
                0x0000000000000d3c                readchar_nonblock
                0x0000000000000d84                puts
                0x0000000000000e2c                putsnonl
                0x0000000000000ed4                printf
 .text          0x0000000000000fb0       0x30 src/isr.o
                0x0000000000000fb0                isr
 .text          0x0000000000000fe0      0xf38 src/libc.o
                0x0000000000000fe0                strchr
                0x0000000000001008                strrchr
                0x0000000000001048                strnchr
                0x0000000000001088                strcpy
                0x00000000000010a4                strncpy
                0x00000000000010cc                strcmp
                0x00000000000010fc                strncmp
                0x0000000000001158                strlen
                0x0000000000001180                strnlen
                0x00000000000011c4                memcmp
                0x0000000000001214                memset
                0x0000000000001354                memcpy
                0x00000000000015b0                memmove
                0x00000000000016ac                strstr
                0x0000000000001758                strtoul
                0x00000000000018b0                strtol
                0x0000000000001a44                skip_atoi
                0x0000000000001aa0                number
                0x0000000000001dbc                vscnprintf
                0x0000000000001de8                snprintf
                0x0000000000001e1c                scnprintf
                0x0000000000001e64                vsprintf
                0x0000000000001e8c                sprintf
                0x0000000000001ed0                rand
                0x0000000000001efc                abort
                0x0000000000001f18                _etext = .

.rodata         0x0000000000001f18      0x544
                0x0000000000001f18                . = ALIGN (0x4)
                0x0000000000001f18                _frodata = .
 *(.rodata .rodata.* .gnu.linkonce.r.*)
 .rodata.str1.4
                0x0000000000001f18        0x7 src/vsnprintf-nofloat.o
                                          0x8 (size before relaxing)
 *fill*         0x0000000000001f1f        0x1 
 .rodata.cst4   0x0000000000001f20       0x14 src/vsnprintf-nofloat.o
 .rodata        0x0000000000001f34      0x434 src/vsnprintf-nofloat.o
 .rodata.str1.4
                0x0000000000002368        0x8 src/main.o
 .rodata.cst4   0x0000000000002370        0x4 src/main.o
 .rodata.cst4   0x0000000000002374       0x58 src/uart.o
 .rodata.cst4   0x00000000000023cc       0x24 src/console.o
 .rodata.cst4   0x00000000000023f0       0x10 src/libc.o
 .rodata.str1.4
                0x0000000000002400        0xc src/libc.o
 .rodata        0x000000000000240c       0x50 src/libc.o
 *(.rodata1)
                0x000000000000245c                _erodata = .

.data           0x000000000000245c        0x0
                0x000000000000245c                . = ALIGN (0x4)
                0x000000000000245c                _fdata = .
 *(.data .data.* .gnu.linkonce.d.*)
 *(.data1)
                0x0000000000002460                _gp = ALIGN (0x10)
 *(.sdata .sdata.* .gnu.linkonce.s.*)
                0x000000000000245c                _edata = .

.bss            0x0000000020500000    0x21028
                0x0000000020500000                . = ALIGN (0x4)
                0x0000000020500000                _fbss = .
 *(.dynsbss)
 *(.sbss .sbss.* .gnu.linkonce.sb.*)
 *(.scommon)
 *(.dynbss)
 *(.bss .bss.* .gnu.linkonce.b.*)
 .bss           0x0000000020500000    0x21018 src/uart.o
 .bss           0x0000000020521018        0xc src/console.o
 .bss           0x0000000020521024        0x4 src/libc.o
 *(COMMON)
                0x0000000020521028                . = ALIGN (0x4)
                0x0000000020521028                _ebss = .
                0x0000000020521028                _end = .
                [!provide]                        PROVIDE (end = .)
                0x00000000206ffffc                PROVIDE (_fstack = ((ORIGIN (sdram) + LENGTH (sdram)) - 0x4))
OUTPUT(build/bios.elf elf32-lm32)

.debug_frame    0x0000000000000000      0x484
 .debug_frame   0x0000000000000000       0x54 src/vsnprintf-nofloat.o
 .debug_frame   0x0000000000000054       0x34 src/main.o
 .debug_frame   0x0000000000000088       0x74 src/uart.o
 .debug_frame   0x00000000000000fc       0xf0 src/console.o
 .debug_frame   0x00000000000001ec       0x34 src/isr.o
 .debug_frame   0x0000000000000220      0x264 src/libc.o

.debug_info     0x0000000000000000     0x1e8c
 .debug_info    0x0000000000000000      0x2d5 src/vsnprintf-nofloat.o
 .debug_info    0x00000000000002d5      0x294 src/main.o
 .debug_info    0x0000000000000569      0x34b src/uart.o
 .debug_info    0x00000000000008b4      0x51e src/console.o
 .debug_info    0x0000000000000dd2       0xf1 src/isr.o
 .debug_info    0x0000000000000ec3      0xfc9 src/libc.o

.debug_abbrev   0x0000000000000000      0xb7c
 .debug_abbrev  0x0000000000000000      0x163 src/vsnprintf-nofloat.o
 .debug_abbrev  0x0000000000000163      0x19a src/main.o
 .debug_abbrev  0x00000000000002fd      0x1a4 src/uart.o
 .debug_abbrev  0x00000000000004a1      0x27a src/console.o
 .debug_abbrev  0x000000000000071b       0xb4 src/isr.o
 .debug_abbrev  0x00000000000007cf      0x3ad src/libc.o

.debug_loc      0x0000000000000000     0x2ac2
 .debug_loc     0x0000000000000000      0x90d src/vsnprintf-nofloat.o
 .debug_loc     0x000000000000090d       0x69 src/main.o
 .debug_loc     0x0000000000000976       0xf5 src/uart.o
 .debug_loc     0x0000000000000a6b      0x236 src/console.o
 .debug_loc     0x0000000000000ca1       0x23 src/isr.o
 .debug_loc     0x0000000000000cc4     0x1dfe src/libc.o

.debug_aranges  0x0000000000000000       0xc0
 .debug_aranges
                0x0000000000000000       0x20 src/vsnprintf-nofloat.o
 .debug_aranges
                0x0000000000000020       0x20 src/main.o
 .debug_aranges
                0x0000000000000040       0x20 src/uart.o
 .debug_aranges
                0x0000000000000060       0x20 src/console.o
 .debug_aranges
                0x0000000000000080       0x20 src/isr.o
 .debug_aranges
                0x00000000000000a0       0x20 src/libc.o

.debug_ranges   0x0000000000000000      0x3c8
 .debug_ranges  0x0000000000000000       0x18 src/vsnprintf-nofloat.o
 .debug_ranges  0x0000000000000018       0x28 src/main.o
 .debug_ranges  0x0000000000000040       0x68 src/uart.o
 .debug_ranges  0x00000000000000a8       0xa8 src/console.o
 .debug_ranges  0x0000000000000150      0x278 src/libc.o

.debug_macro    0x0000000000000000     0x1035
 .debug_macro   0x0000000000000000       0x41 src/vsnprintf-nofloat.o
 .debug_macro   0x0000000000000041      0x69a src/vsnprintf-nofloat.o
 .debug_macro   0x00000000000006db       0x4c src/vsnprintf-nofloat.o
 .debug_macro   0x0000000000000727       0x22 src/vsnprintf-nofloat.o
 .debug_macro   0x0000000000000749       0xee src/main.o
 .debug_macro   0x0000000000000837       0x22 src/main.o
 .debug_macro   0x0000000000000859       0x56 src/main.o
 .debug_macro   0x00000000000008af       0x51 src/main.o
 .debug_macro   0x0000000000000900       0xef src/main.o
 .debug_macro   0x00000000000009ef       0x6a src/main.o
 .debug_macro   0x0000000000000a59      0x1df src/main.o
 .debug_macro   0x0000000000000c38       0x10 src/main.o
 .debug_macro   0x0000000000000c48       0x46 src/main.o
 .debug_macro   0x0000000000000c8e       0x82 src/main.o
 .debug_macro   0x0000000000000d10       0x4c src/main.o
 .debug_macro   0x0000000000000d5c       0xb7 src/uart.o
 .debug_macro   0x0000000000000e13       0x4c src/uart.o
 .debug_macro   0x0000000000000e5f       0x22 src/uart.o
 .debug_macro   0x0000000000000e81       0x54 src/console.o
 .debug_macro   0x0000000000000ed5       0x2e src/isr.o
 .debug_macro   0x0000000000000f03       0x4a src/libc.o
 .debug_macro   0x0000000000000f4d       0xe8 src/libc.o

.debug_line     0x0000000000000000     0x4b1f
 .debug_line    0x0000000000000000      0xfe5 src/vsnprintf-nofloat.o
 .debug_line    0x0000000000000fe5      0x3a5 src/main.o
 .debug_line    0x000000000000138a      0x8d4 src/uart.o
 .debug_line    0x0000000000001c5e      0x73f src/console.o
 .debug_line    0x000000000000239d      0x11b src/isr.o
 .debug_line    0x00000000000024b8     0x2667 src/libc.o

.debug_str      0x0000000000000000     0x3b24
 .debug_str     0x0000000000000000     0x20a1 src/vsnprintf-nofloat.o
                                       0x210e (size before relaxing)
 .debug_str     0x00000000000020a1     0x1337 src/main.o
                                       0x3438 (size before relaxing)
 .debug_str     0x00000000000033d8      0x312 src/uart.o
                                       0x30ab (size before relaxing)
 .debug_str     0x00000000000036ea       0xcd src/console.o
                                       0x2204 (size before relaxing)
 .debug_str     0x00000000000037b7       0x1b src/isr.o
                                       0x1f74 (size before relaxing)
 .debug_str     0x00000000000037d2      0x352 src/libc.o
                                       0x24b3 (size before relaxing)

.comment        0x0000000000000000       0x11
 .comment       0x0000000000000000       0x11 src/vsnprintf-nofloat.o
                                         0x12 (size before relaxing)
 .comment       0x0000000000000011       0x12 src/main.o
 .comment       0x0000000000000011       0x12 src/uart.o
 .comment       0x0000000000000011       0x12 src/console.o
 .comment       0x0000000000000011       0x12 src/isr.o
 .comment       0x0000000000000011       0x12 src/libc.o
